[13:02:53] [ServerMain/INFO]: [bootstrap] Running Java 25 (Java HotSpot(TM) 64-Bit Server VM 25.0.2+10-LTS-69; Oracle Corporation null) on Linux 6.18.9-zen1-2-zen (amd64)
[13:02:53] [ServerMain/INFO]: [bootstrap] Loading Paper 1.21.11-69-main@94d0c97 (2025-12-30T20:33:30Z) for Minecraft 1.21.11
[13:02:53] [ServerMain/INFO]: [PluginInitializerManager] Initializing plugins...
[13:02:53] [ServerMain/INFO]: [PluginInitializerManager] Initialized 2 plugins
[13:02:53] [ServerMain/INFO]: [PluginInitializerManager] Bukkit plugins (2):
 - SkinsRestorer (15.10.0), WorldEdit (7.4.0+7381-3decaf0)
[13:02:55] [ServerMain/INFO]: Environment: Environment[sessionHost=https://sessionserver.mojang.com, servicesHost=https://api.minecraftservices.com, profilesHost=https://api.mojang.com, name=PROD]
[13:02:56] [ServerMain/INFO]: Loaded 1470 recipes
[13:02:56] [ServerMain/INFO]: Loaded 1584 advancements
[13:02:56] [ServerMain/INFO]: [ca.spottedleaf.dataconverter.minecraft.datatypes.MCTypeRegistry] Initialising converters for DataConverter...
[13:02:56] [ServerMain/INFO]: [ca.spottedleaf.dataconverter.minecraft.datatypes.MCTypeRegistry] Finished initialising converters for DataConverter in 148.9ms
[13:02:56] [Server thread/INFO]: Starting minecraft server version 1.21.11
[13:02:56] [Server thread/INFO]: Loading properties
[13:02:56] [Server thread/INFO]: This server is running Paper version 1.21.11-69-main@94d0c97 (2025-12-30T20:33:30Z) (Implementing API version 1.21.11-R0.1-SNAPSHOT)
[13:02:56] [Server thread/INFO]: [spark] This server bundles the spark profiler. For more information please visit https://docs.papermc.io/paper/profiling
[13:02:56] [Server thread/INFO]: Server Ping Player Sample Count: 12
[13:02:56] [Server thread/INFO]: Using 4 threads for Netty based IO
[13:02:56] [Server thread/INFO]: [MoonriseCommon] Paper is using 3 worker threads, 1 I/O threads
[13:02:56] [Server thread/INFO]: Default game type: SURVIVAL
[13:02:56] [Server thread/INFO]: Generating keypair
[13:02:56] [Server thread/INFO]: Starting Minecraft server on *:25565
[13:02:56] [Server thread/INFO]: Paper: Using libdeflate (Linux x86_64) compression from Velocity.
[13:02:56] [Server thread/INFO]: Paper: Using OpenSSL 3.x.x (Linux x86_64) cipher from Velocity.
[13:02:56] [Server thread/INFO]: [WorldEdit] Loading server plugin WorldEdit v7.4.0+7381-3decaf0
[13:02:57] [Server thread/INFO]: Got request to register class com.sk89q.worldedit.bukkit.BukkitServerInterface with WorldEdit [com.sk89q.worldedit.extension.platform.PlatformManager@8c21898]
[13:02:57] [Server thread/INFO]: [WorldEdit] Default configuration file written: config.yml
[13:02:57] [Server thread/INFO]: [SkinsRestorer] Loading server plugin SkinsRestorer v15.10.0
[13:02:57] [Server thread/INFO]: Server permissions file permissions.yml is empty, ignoring it
[13:02:57] [Server thread/INFO]: [WorldEdit] Enabling WorldEdit v7.4.0+7381-3decaf0
[13:02:57] [Server thread/INFO]: Registering commands with com.sk89q.worldedit.bukkit.BukkitServerInterface
[13:02:57] [Server thread/INFO]: WEPIF: Updated config file
[13:02:57] [Server thread/INFO]: WEPIF: Using the Bukkit Permissions API.
[13:02:57] [Server thread/INFO]: Using com.sk89q.worldedit.bukkit.adapter.impl.v1_21_11.PaperweightAdapter as the Bukkit adapter
[13:02:57] [Server thread/INFO]: [SkinsRestorer] Enabling SkinsRestorer v15.10.0
[13:02:58] [Server thread/INFO]: [SkinsRestorer] Running on Minecraft 1.21.11.
[13:02:58] [Server thread/INFO]: [SkinsRestorer] Using paper join listener!
[13:02:58] [Server thread/WARN]: **** SERVER IS RUNNING IN OFFLINE/INSECURE MODE!
[13:02:58] [Server thread/WARN]: The server will make no attempt to authenticate usernames. Beware.
[13:02:58] [Server thread/WARN]: While this makes the game possible to play without internet access, it also opens up the ability for hackers to connect with any username they choose.
[13:02:58] [Server thread/WARN]: To change this, set "online-mode" to "true" in the server.properties file.
[13:02:58] [Server thread/INFO]: Preparing level "world"
[13:02:58] [Server thread/INFO]: [ca.spottedleaf.moonrise.common.util.MoonriseConstants] NUMA enable flag is not set; however there is NUMA interaction support for this OS.
[13:02:58] [Server thread/INFO]: [ca.spottedleaf.moonrise.common.util.MoonriseConstants] Detected 1 NUMA nodes.
[13:02:58] [Server thread/INFO]: Loading 0 persistent chunks for world 'minecraft:overworld'...
[13:02:58] [Server thread/INFO]: Preparing spawn area: 100%
[13:02:58] [Server thread/INFO]: Prepared spawn area in 1 ms
[13:02:58] [Server thread/INFO]: Loading 0 persistent chunks for world 'minecraft:the_nether'...
[13:02:58] [Server thread/INFO]: Prepared spawn area in 0 ms
[13:02:58] [Server thread/INFO]: Loading 0 persistent chunks for world 'minecraft:the_end'...
[13:02:58] [Server thread/INFO]: Prepared spawn area in 0 ms
[13:02:58] [Server thread/INFO]: Done preparing level "world" (0.388s)
[13:02:58] [Server thread/INFO]: [spark] Starting background profiler...
[13:02:58] [Folia Async Scheduler Thread #1/INFO]: [SkinsRestorer] ----------------------------------------------
[13:02:58] [Folia Async Scheduler Thread #1/INFO]: [SkinsRestorer]     +==================+
[13:02:58] [Folia Async Scheduler Thread #1/INFO]: [SkinsRestorer]     |   SkinsRestorer  |
[13:02:58] [Folia Async Scheduler Thread #1/INFO]: [SkinsRestorer]     |------------------|
[13:02:58] [Folia Async Scheduler Thread #1/INFO]: [SkinsRestorer]     |  Standalone Mode |
[13:02:58] [Folia Async Scheduler Thread #1/INFO]: [SkinsRestorer]     +==================+
[13:02:58] [Folia Async Scheduler Thread #1/INFO]: [SkinsRestorer] ----------------------------------------------
[13:02:58] [Folia Async Scheduler Thread #1/INFO]: [SkinsRestorer]     Version: 15.10.0
[13:02:58] [Folia Async Scheduler Thread #1/INFO]: [SkinsRestorer]     Commit: fcb9320
[13:02:58] [Folia Async Scheduler Thread #1/INFO]: [SkinsRestorer]     This is the latest version!
[13:02:58] [Folia Async Scheduler Thread #1/INFO]: [SkinsRestorer] ----------------------------------------------
[13:02:58] [Folia Async Scheduler Thread #1/INFO]: [SkinsRestorer] Do you have issues? Read our troubleshooting guide: https://skinsrestorer.net/docs/troubleshooting
[13:02:58] [Folia Async Scheduler Thread #1/INFO]: [SkinsRestorer] Want to support SkinsRestorer? Consider donating: https://skinsrestorer.net/donate
[13:02:58] [Server thread/INFO]: Running delayed init tasks
[13:02:58] [Server thread/INFO]: Done (5.889s)! For help, type "help"
[13:03:16] [User Authenticator #0/INFO]: UUID of player rxy_gg is 25e62cde-f8d8-3ccc-90de-a87f95872077
[13:03:17] [Server thread/INFO]: rxy_gg joined the game
[13:03:17] [Server thread/INFO]: rxy_gg[/127.0.0.1:46632] logged in with entity id 77 at ([world]285.5349167466639, 75.0, 211.339424568527)
[13:04:54] [Server thread/INFO]: rxy_gg issued server command: //wan
[13:04:57] [Server thread/INFO]: rxy_gg issued server command: //wand
[13:05:19] [Server thread/INFO]: rxy_gg issued server command: //wa
[13:05:22] [Server thread/INFO]: rxy_gg issued server command: //wand
[13:05:47] [Server thread/INFO]: rxy_gg issued server command: //wand
[13:07:41] [Server thread/INFO]: rxy_gg issued server command: //set diori
[13:07:47] [Server thread/INFO]: rxy_gg issued server command: //set diorite
[13:08:06] [Server thread/INFO]: rxy_gg issued server command: //walls
[13:08:17] [Server thread/INFO]: rxy_gg issued server command: //walls diorite
[13:08:45] [Server thread/INFO]: rxy_gg issued server command: //setbiome
[13:08:53] [Server thread/INFO]: rxy_gg issued server command: //set diorite
[13:09:27] [Server thread/INFO]: rxy_gg issued server command: //set diorite
[13:10:23] [Server thread/INFO]: rxy_gg issued server command: //set diorite
[13:11:18] [Server thread/INFO]: rxy_gg issued server command: //set diorite
[13:12:03] [Server thread/INFO]: rxy_gg issued server command: //set diorite
[13:12:43] [Server thread/INFO]: rxy_gg issued server command: //set diorite
[13:12:57] [Server thread/INFO]: rxy_gg issued server command: //set diorite
[13:13:11] [Server thread/INFO]: rxy_gg issued server command: //set diorite
[13:14:28] [Server thread/INFO]: rxy_gg issued server command: //set diorite
[13:16:20] [Server thread/INFO]: rxy_gg was speared by Zombie
[13:16:52] [Server thread/INFO]: rxy_gg was speared by Zombie
[13:18:35] [Server thread/INFO]: rxy_gg issued server command: //removeabove
[13:18:47] [Server thread/INFO]: rxy_gg issued server command: //removenear
[13:19:46] [Server thread/INFO]: rxy_gg issued server command: /give rxy_gg minecraft:bucket 64
[13:19:46] [Server thread/INFO]: [rxy_gg: Gave 64 [Bucket] to rxy_gg]
[13:19:55] [Server thread/INFO]: rxy_gg issued server command: /clear
[13:19:55] [Server thread/INFO]: [rxy_gg: Removed 675 item(s) from player rxy_gg]
[13:20:11] [Server thread/INFO]: rxy_gg issued server command: /clear
[13:20:11] [Server thread/INFO]: [rxy_gg: Removed 64 item(s) from player rxy_gg]
[13:20:28] [Server thread/INFO]: rxy_gg lost connection: Disconnected
[13:20:28] [Server thread/INFO]: rxy_gg left the game
[13:20:37] [Server thread/INFO]: Saving the game (this may take a moment!)
[13:20:37] [Server thread/INFO]: Saved the game
[13:20:38] [Server thread/INFO]: Stopping the server
[13:20:38] [Server thread/INFO]: Stopping server
[13:20:38] [Server thread/INFO]: [SkinsRestorer] Disabling SkinsRestorer v15.10.0
[13:20:38] [Server thread/INFO]: [WorldEdit] Disabling WorldEdit v7.4.0+7381-3decaf0
[13:20:38] [Server thread/INFO]: Unregistering com.sk89q.worldedit.bukkit.BukkitServerInterface from WorldEdit
[13:20:38] [Server thread/INFO]: Saving players
[13:20:38] [Server thread/INFO]: Saving worlds
[13:20:38] [Server thread/INFO]: Saving chunks for level 'ServerLevel[world]'/minecraft:overworld
[13:20:38] [Server thread/INFO]: [ChunkHolderManager] Waiting 60s for chunk system to halt for world 'world'
[13:20:38] [Server thread/INFO]: [ChunkHolderManager] Halted chunk system for world 'world'
[13:20:38] [Server thread/INFO]: [ChunkHolderManager] Saving all chunkholders for world 'world'
[13:20:38] [Server thread/INFO]: [ChunkHolderManager] Saved 2 block chunks, 154 entity chunks, 0 poi chunks in world 'world' in 0.03s
[13:20:38] [Server thread/INFO]: [ChunkHolderManager] Waiting 60s for chunk I/O to halt for world 'world'
[13:20:38] [Server thread/INFO]: [ChunkHolderManager] Halted I/O scheduler for world 'world'
[13:20:38] [Server thread/INFO]: Saving chunks for level 'ServerLevel[world_nether]'/minecraft:the_nether
[13:20:38] [Server thread/INFO]: [ChunkHolderManager] Waiting 60s for chunk system to halt for world 'world_nether'
[13:20:38] [Server thread/INFO]: [ChunkHolderManager] Halted chunk system for world 'world_nether'
[13:20:38] [Server thread/INFO]: [ChunkHolderManager] Saving all chunkholders for world 'world_nether'
[13:20:38] [Server thread/INFO]: [ChunkHolderManager] Saved 0 block chunks, 0 entity chunks, 0 poi chunks in world 'world_nether' in 0.00s
[13:20:38] [Server thread/INFO]: [ChunkHolderManager] Waiting 60s for chunk I/O to halt for world 'world_nether'
[13:20:38] [Server thread/INFO]: [ChunkHolderManager] Halted I/O scheduler for world 'world_nether'
[13:20:38] [Server thread/INFO]: Saving chunks for level 'ServerLevel[world_the_end]'/minecraft:the_end
[13:20:38] [Server thread/INFO]: [ChunkHolderManager] Waiting 60s for chunk system to halt for world 'world_the_end'
[13:20:38] [Server thread/INFO]: [ChunkHolderManager] Halted chunk system for world 'world_the_end'
[13:20:38] [Server thread/INFO]: [ChunkHolderManager] Saving all chunkholders for world 'world_the_end'
[13:20:38] [Server thread/INFO]: [ChunkHolderManager] Saved 0 block chunks, 0 entity chunks, 0 poi chunks in world 'world_the_end' in 0.00s
[13:20:38] [Server thread/INFO]: [ChunkHolderManager] Waiting 60s for chunk I/O to halt for world 'world_the_end'
[13:20:38] [Server thread/INFO]: [ChunkHolderManager] Halted I/O scheduler for world 'world_the_end'
[13:20:38] [Server thread/INFO]: ThreadedAnvilChunkStorage (world): All chunks are saved
[13:20:38] [Server thread/INFO]: ThreadedAnvilChunkStorage (DIM-1): All chunks are saved
[13:20:38] [Server thread/INFO]: ThreadedAnvilChunkStorage (DIM1): All chunks are saved
[13:20:38] [Server thread/INFO]: ThreadedAnvilChunkStorage: All dimensions are saved
[13:20:38] [Server thread/INFO]: Waiting for all RegionFile I/O tasks to complete...
[13:20:38] [Server thread/INFO]: All RegionFile I/O tasks to complete
[13:20:38] [Server thread/INFO]: [MoonriseCommon] Awaiting termination of worker pool for up to 60s...
[13:20:38] [Server thread/INFO]: [MoonriseCommon] Awaiting termination of I/O pool for up to 60s...
